This is pdfTeX, Version 3.14159265-2.6-1.40.19 (MiKTeX 2.9.6800 64-bit) (preloaded format=pdflatex 2018.9.7)  8 FEB 2019 15:15
entering extended mode
**./IITBBS_PhD_Thesis_Main_File.tex
(IITBBS_PhD_Thesis_Main_File.tex
LaTeX2e <2018-04-01> patch level 5

("C:\Users\Communication Lab 05\AppData\Local\Programs\MiKTeX 2.9\tex\latex\bas
e\report.cls"
Document Class: report 2014/09/29 v1.4h Standard LaTeX document class

("C:\Users\Communication Lab 05\AppData\Local\Programs\MiKTeX 2.9\tex\latex\bas
e\size12.clo"
File: size12.clo 2014/09/29 v1.4h Standard LaTeX file (size option)
)
\c@part=\count80
\c@chapter=\count81
\c@section=\count82
\c@subsection=\count83
\c@subsubsection=\count84
\c@paragraph=\count85
\c@subparagraph=\count86
\c@figure=\count87
\c@table=\count88
\abovecaptionskip=\skip41
\belowcaptionskip=\skip42
\bibindent=\dimen102
)
("C:\Users\Communication Lab 05\AppData\Local\Programs\MiKTeX 2.9\tex\latex\gra
phics\graphicx.sty"
Package: graphicx 2017/06/01 v1.1a Enhanced LaTeX Graphics (DPC,SPQR)

("C:\Users\Communication Lab 05\AppData\Local\Programs\MiKTeX 2.9\tex\latex\gra
phics\keyval.sty"
Package: keyval 2014/10/28 v1.15 key=value parser (DPC)
\KV@toks@=\toks14
)
("C:\Users\Communication Lab 05\AppData\Local\Programs\MiKTeX 2.9\tex\latex\gra
phics\graphics.sty"
Package: graphics 2017/06/25 v1.2c Standard LaTeX Graphics (DPC,SPQR)

("C:\Users\Communication Lab 05\AppData\Local\Programs\MiKTeX 2.9\tex\latex\gra
phics\trig.sty"
Package: trig 2016/01/03 v1.10 sin cos tan (DPC)
)
("C:\Users\Communication Lab 05\AppData\Local\Programs\MiKTeX 2.9\tex\latex\gra
phics-cfg\graphics.cfg"
File: graphics.cfg 2016/06/04 v1.11 sample graphics configuration
)
Package graphics Info: Driver file: pdftex.def on input line 99.

("C:\Users\Communication Lab 05\AppData\Local\Programs\MiKTeX 2.9\tex\latex\gra
phics-def\pdftex.def"
File: pdftex.def 2018/01/08 v1.0l Graphics/color driver for pdftex
))
\Gin@req@height=\dimen103
\Gin@req@width=\dimen104
)
("C:\Users\Communication Lab 05\AppData\Local\Programs\MiKTeX 2.9\tex\latex\ams
math\amsmath.sty"
Package: amsmath 2017/09/02 v2.17a AMS math features
\@mathmargin=\skip43

For additional information on amsmath, use the `?' option.

("C:\Users\Communication Lab 05\AppData\Local\Programs\MiKTeX 2.9\tex\latex\ams
math\amstext.sty"
Package: amstext 2000/06/29 v2.01 AMS text

("C:\Users\Communication Lab 05\AppData\Local\Programs\MiKTeX 2.9\tex\latex\ams
math\amsgen.sty"
File: amsgen.sty 1999/11/30 v2.0 generic functions
\@emptytoks=\toks15
\ex@=\dimen105
))
("C:\Users\Communication Lab 05\AppData\Local\Programs\MiKTeX 2.9\tex\latex\ams
math\amsbsy.sty"
Package: amsbsy 1999/11/29 v1.2d Bold Symbols
\pmbraise@=\dimen106
)
("C:\Users\Communication Lab 05\AppData\Local\Programs\MiKTeX 2.9\tex\latex\ams
math\amsopn.sty"
Package: amsopn 2016/03/08 v2.02 operator names
)
\inf@bad=\count89
LaTeX Info: Redefining \frac on input line 213.
\uproot@=\count90
\leftroot@=\count91
LaTeX Info: Redefining \overline on input line 375.
\classnum@=\count92
\DOTSCASE@=\count93
LaTeX Info: Redefining \ldots on input line 472.
LaTeX Info: Redefining \dots on input line 475.
LaTeX Info: Redefining \cdots on input line 596.
\Mathstrutbox@=\box26
\strutbox@=\box27
\big@size=\dimen107
LaTeX Font Info:    Redeclaring font encoding OML on input line 712.
LaTeX Font Info:    Redeclaring font encoding OMS on input line 713.
\macc@depth=\count94
\c@MaxMatrixCols=\count95
\dotsspace@=\muskip10
\c@parentequation=\count96
\dspbrk@lvl=\count97
\tag@help=\toks16
\row@=\count98
\column@=\count99
\maxfields@=\count100
\andhelp@=\toks17
\eqnshift@=\dimen108
\alignsep@=\dimen109
\tagshift@=\dimen110
\tagwidth@=\dimen111
\totwidth@=\dimen112
\lineht@=\dimen113
\@envbody=\toks18
\multlinegap=\skip44
\multlinetaggap=\skip45
\mathdisplay@stack=\toks19
LaTeX Info: Redefining \[ on input line 2817.
LaTeX Info: Redefining \] on input line 2818.
)
("C:\Users\Communication Lab 05\AppData\Local\Programs\MiKTeX 2.9\tex\latex\obe
rdiek\epstopdf.sty"
Package: epstopdf 2016/05/15 v2.6 Conversion with epstopdf on the fly (HO)

("C:\Users\Communication Lab 05\AppData\Local\Programs\MiKTeX 2.9\tex\latex\obe
rdiek\epstopdf-base.sty"
Package: epstopdf-base 2016/05/15 v2.6 Base part for package epstopdf

("C:\Users\Communication Lab 05\AppData\Local\Programs\MiKTeX 2.9\tex\generic\o
berdiek\infwarerr.sty"
Package: infwarerr 2016/05/16 v1.4 Providing info/warning/error messages (HO)
)
("C:\Users\Communication Lab 05\AppData\Local\Programs\MiKTeX 2.9\tex\latex\obe
rdiek\grfext.sty"
Package: grfext 2016/05/16 v1.2 Manage graphics extensions (HO)

("C:\Users\Communication Lab 05\AppData\Local\Programs\MiKTeX 2.9\tex\generic\o
berdiek\kvdefinekeys.sty"
Package: kvdefinekeys 2016/05/16 v1.4 Define keys (HO)

("C:\Users\Communication Lab 05\AppData\Local\Programs\MiKTeX 2.9\tex\generic\o
berdiek\ltxcmds.sty"
Package: ltxcmds 2016/05/16 v1.23 LaTeX kernel commands for general use (HO)
)))
("C:\Users\Communication Lab 05\AppData\Local\Programs\MiKTeX 2.9\tex\latex\obe
rdiek\kvoptions.sty"
Package: kvoptions 2016/05/16 v3.12 Key value format for package options (HO)

("C:\Users\Communication Lab 05\AppData\Local\Programs\MiKTeX 2.9\tex\generic\o
berdiek\kvsetkeys.sty"
Package: kvsetkeys 2016/05/16 v1.17 Key value parser (HO)

("C:\Users\Communication Lab 05\AppData\Local\Programs\MiKTeX 2.9\tex\generic\o
berdiek\etexcmds.sty"
Package: etexcmds 2016/05/16 v1.6 Avoid name clashes with e-TeX commands (HO)

("C:\Users\Communication Lab 05\AppData\Local\Programs\MiKTeX 2.9\tex\generic\o
berdiek\ifluatex.sty"
Package: ifluatex 2016/05/16 v1.4 Provides the ifluatex switch (HO)
Package ifluatex Info: LuaTeX not detected.
)
Package etexcmds Info: Could not find \expanded.
(etexcmds)             That can mean that you are not using pdfTeX 1.50 or
(etexcmds)             that some package has redefined \expanded.
(etexcmds)             In the latter case, load this package earlier.
)))
("C:\Users\Communication Lab 05\AppData\Local\Programs\MiKTeX 2.9\tex\generic\o
berdiek\pdftexcmds.sty"
Package: pdftexcmds 2018/01/30 v0.27 Utility functions of pdfTeX for LuaTeX (HO
)

("C:\Users\Communication Lab 05\AppData\Local\Programs\MiKTeX 2.9\tex\generic\o
berdiek\ifpdf.sty"
Package: ifpdf 2017/03/15 v3.2 Provides the ifpdf switch
)
Package pdftexcmds Info: LuaTeX not detected.
Package pdftexcmds Info: \pdf@primitive is available.
Package pdftexcmds Info: \pdf@ifprimitive is available.
Package pdftexcmds Info: \pdfdraftmode found.
)
Package epstopdf-base Info: Redefining graphics rule for `.eps' on input line 4
38.
Package grfext Info: Graphics extension search list:
(grfext)             [.pdf,.png,.jpg,.mps,.jpeg,.jbig2,.jb2,.PDF,.PNG,.JPG,.JPE
G,.JBIG2,.JB2,.eps]
(grfext)             \AppendGraphicsExtensions on input line 456.
))
("C:\Users\Communication Lab 05\AppData\Local\Programs\MiKTeX 2.9\tex\latex\ams
fonts\amsfonts.sty"
Package: amsfonts 2013/01/14 v3.01 Basic AMSFonts support
\symAMSa=\mathgroup4
\symAMSb=\mathgroup5
LaTeX Font Info:    Overwriting math alphabet `\mathfrak' in version `bold'
(Font)                  U/euf/m/n --> U/euf/b/n on input line 106.
)
("C:\Users\Communication Lab 05\AppData\Local\Programs\MiKTeX 2.9\tex\latex\gra
phics\epsfig.sty"
Package: epsfig 2017/06/25 v1.7b (e)psfig emulation (SPQR)
\epsfxsize=\dimen114
\epsfysize=\dimen115
)
("C:\Users\Communication Lab 05\AppData\Local\Programs\MiKTeX 2.9\tex\latex\cit
e\cite.sty"
LaTeX Info: Redefining \cite on input line 302.
LaTeX Info: Redefining \nocite on input line 332.
Package: cite 2015/02/27  v 5.5
)
("C:\Users\Communication Lab 05\AppData\Local\Programs\MiKTeX 2.9\tex\latex\too
ls\array.sty"
Package: array 2018/04/30 v2.4h Tabular extension package (FMi)
\col@sep=\dimen116
\ar@mcellbox=\box28
\extrarowheight=\dimen117
\NC@list=\toks20
\extratabsurround=\skip46
\backup@length=\skip47
\ar@cellbox=\box29
)
("C:\Users\Communication Lab 05\AppData\Local\Programs\MiKTeX 2.9\tex\latex\mul
tirow\multirow.sty"
Package: multirow 2018/08/03 v2.3 Span multiple rows of a table
\multirow@colwidth=\skip48
\multirow@cntb=\count101
\multirow@dima=\skip49
\bigstrutjot=\dimen118
)
("C:\Users\Communication Lab 05\AppData\Local\Programs\MiKTeX 2.9\tex\latex\ams
cls\amsthm.sty"
Package: amsthm 2017/10/31 v2.20.4
\thm@style=\toks21
\thm@bodyfont=\toks22
\thm@headfont=\toks23
\thm@notefont=\toks24
\thm@headpunct=\toks25
\thm@preskip=\skip50
\thm@postskip=\skip51
\thm@headsep=\skip52
\dth@everypar=\toks26
)
("C:\Users\Communication Lab 05\AppData\Local\Programs\MiKTeX 2.9\tex\latex\lta
blex\ltablex.sty"
Package: ltablex 2014/08/13 v1.1 Modified tabularx

("C:\Users\Communication Lab 05\AppData\Local\Programs\MiKTeX 2.9\tex\latex\too
ls\longtable.sty"
Package: longtable 2014/10/28 v4.11 Multi-page Table package (DPC)
\LTleft=\skip53
\LTright=\skip54
\LTpre=\skip55
\LTpost=\skip56
\LTchunksize=\count102
\LTcapwidth=\dimen119
\LT@head=\box30
\LT@firsthead=\box31
\LT@foot=\box32
\LT@lastfoot=\box33
\LT@cols=\count103
\LT@rows=\count104
\c@LT@tables=\count105
\c@LT@chunks=\count106
\LT@p@ftn=\toks27
)
("C:\Users\Communication Lab 05\AppData\Local\Programs\MiKTeX 2.9\tex\latex\too
ls\tabularx.sty"
Package: tabularx 2016/02/03 v2.11b `tabularx' package (DPC)
\TX@col@width=\dimen120
\TX@old@table=\dimen121
\TX@old@col=\dimen122
\TX@target=\dimen123
\TX@delta=\dimen124
\TX@cols=\count107
\TX@ftn=\toks28
))
("C:\Users\Communication Lab 05\AppData\Local\Programs\MiKTeX 2.9\tex\latex\set
space\setspace.sty"
Package: setspace 2011/12/19 v6.7a set line spacing
)
("C:\Users\Communication Lab 05\AppData\Local\Programs\MiKTeX 2.9\tex\latex\ary
dshln\arydshln.sty"
Package: arydshln 2016/04/28 v1.73 
\dashlinedash=\dimen125
\dashlinegap=\dimen126
\adl@box=\box34
\adl@height=\dimen127
\adl@heightsave=\dimen128
\adl@depth=\dimen129
\adl@depthsave=\dimen130
\adl@finaldepth=\dimen131
\adl@columns=\count108
\adl@ncol=\count109
\adl@currentcolumn=\count110
\adl@currentcolumnsave=\count111
\adl@totalheight=\count112
\adl@totalheightsave=\count113
\adl@dash=\count114
\adl@gap=\count115
\adl@cla=\count116
\adl@clb=\count117
\adl@everyvbox=\toks29
\adl@LTpagetotal=\dimen132
)
("C:\Users\Communication Lab 05\AppData\Local\Programs\MiKTeX 2.9\tex\latex\ams
fonts\amssymb.sty"
Package: amssymb 2013/01/14 v3.01 AMS font symbols
)
("C:\Users\Communication Lab 05\AppData\Local\Programs\MiKTeX 2.9\tex\latex\too
ls\enumerate.sty"
Package: enumerate 2015/07/23 v3.00 enumerate extensions (DPC)
\@enLab=\toks30
)
("C:\Users\Communication Lab 05\AppData\Local\Programs\MiKTeX 2.9\tex\latex\geo
metry\geometry.sty"
Package: geometry 2018/04/16 v5.8 Page Geometry

("C:\Users\Communication Lab 05\AppData\Local\Programs\MiKTeX 2.9\tex\generic\o
berdiek\ifvtex.sty"
Package: ifvtex 2016/05/16 v1.6 Detect VTeX and its facilities (HO)
Package ifvtex Info: VTeX not detected.
)
("C:\Users\Communication Lab 05\AppData\Local\Programs\MiKTeX 2.9\tex\generic\i
fxetex\ifxetex.sty"
Package: ifxetex 2010/09/12 v0.6 Provides ifxetex conditional
)
\Gm@cnth=\count118
\Gm@cntv=\count119
\c@Gm@tempcnt=\count120
\Gm@bindingoffset=\dimen133
\Gm@wd@mp=\dimen134
\Gm@odd@mp=\dimen135
\Gm@even@mp=\dimen136
\Gm@layoutwidth=\dimen137
\Gm@layoutheight=\dimen138
\Gm@layouthoffset=\dimen139
\Gm@layoutvoffset=\dimen140
\Gm@dimlist=\toks31

("C:\Users\Communication Lab 05\AppData\Local\Programs\MiKTeX 2.9\tex\latex\geo
metry\geometry.cfg"))
("C:\Users\Communication Lab 05\AppData\Local\Programs\MiKTeX 2.9\tex\latex\app
endix\appendix.sty"
Package: appendix 2009/09/02 v1.2b extra appendix facilities
\c@@pps=\count121
\c@@ppsavesec=\count122
\c@@ppsaveapp=\count123
)
("C:\Users\Communication Lab 05\AppData\Local\Programs\MiKTeX 2.9\tex\latex\xco
lor\xcolor.sty"
Package: xcolor 2016/05/11 v2.12 LaTeX color extensions (UK)

("C:\Users\Communication Lab 05\AppData\Local\Programs\MiKTeX 2.9\tex\latex\gra
phics-cfg\color.cfg"
File: color.cfg 2016/01/02 v1.6 sample color configuration
)
Package xcolor Info: Package option `usenames' ignored on input line 216.
Package xcolor Info: Driver file: pdftex.def on input line 225.
Package xcolor Info: Model `cmy' substituted by `cmy0' on input line 1348.
Package xcolor Info: Model `hsb' substituted by `rgb' on input line 1352.
Package xcolor Info: Model `RGB' extended on input line 1364.
Package xcolor Info: Model `HTML' substituted by `rgb' on input line 1366.
Package xcolor Info: Model `Hsb' substituted by `hsb' on input line 1367.
Package xcolor Info: Model `tHsb' substituted by `hsb' on input line 1368.
Package xcolor Info: Model `HSB' substituted by `hsb' on input line 1369.
Package xcolor Info: Model `Gray' substituted by `gray' on input line 1370.
Package xcolor Info: Model `wave' substituted by `hsb' on input line 1371.

("C:\Users\Communication Lab 05\AppData\Local\Programs\MiKTeX 2.9\tex\latex\gra
phics\dvipsnam.def"
File: dvipsnam.def 2016/06/17 v3.0m Driver-dependent file (DPC,SPQR)
))
("C:\Users\Communication Lab 05\AppData\Local\Programs\MiKTeX 2.9\tex\latex\pgf
\frontendlayer\tikz.sty"
("C:\Users\Communication Lab 05\AppData\Local\Programs\MiKTeX 2.9\tex\latex\pgf
\basiclayer\pgf.sty"
("C:\Users\Communication Lab 05\AppData\Local\Programs\MiKTeX 2.9\tex\latex\pgf
\utilities\pgfrcs.sty"
("C:\Users\Communication Lab 05\AppData\Local\Programs\MiKTeX 2.9\tex\generic\p
gf\utilities\pgfutil-common.tex"
\pgfutil@everybye=\toks32
\pgfutil@tempdima=\dimen141
\pgfutil@tempdimb=\dimen142

("C:\Users\Communication Lab 05\AppData\Local\Programs\MiKTeX 2.9\tex\generic\p
gf\utilities\pgfutil-common-lists.tex"))
("C:\Users\Communication Lab 05\AppData\Local\Programs\MiKTeX 2.9\tex\generic\p
gf\utilities\pgfutil-latex.def"
\pgfutil@abb=\box35

("C:\Users\Communication Lab 05\AppData\Local\Programs\MiKTeX 2.9\tex\latex\ms\
everyshi.sty"
Package: everyshi 2001/05/15 v3.00 EveryShipout Package (MS)
))
("C:\Users\Communication Lab 05\AppData\Local\Programs\MiKTeX 2.9\tex\generic\p
gf\utilities\pgfrcs.code.tex"
Package: pgfrcs 2015/08/07 v3.0.1a (rcs-revision 1.31)
))
Package: pgf 2015/08/07 v3.0.1a (rcs-revision 1.15)

("C:\Users\Communication Lab 05\AppData\Local\Programs\MiKTeX 2.9\tex\latex\pgf
\basiclayer\pgfcore.sty"
("C:\Users\Communication Lab 05\AppData\Local\Programs\MiKTeX 2.9\tex\latex\pgf
\systemlayer\pgfsys.sty"
("C:\Users\Communication Lab 05\AppData\Local\Programs\MiKTeX 2.9\tex\generic\p
gf\systemlayer\pgfsys.code.tex"
Package: pgfsys 2014/07/09 v3.0.1a (rcs-revision 1.48)

("C:\Users\Communication Lab 05\AppData\Local\Programs\MiKTeX 2.9\tex\generic\p
gf\utilities\pgfkeys.code.tex"
\pgfkeys@pathtoks=\toks33
\pgfkeys@temptoks=\toks34

("C:\Users\Communication Lab 05\AppData\Local\Programs\MiKTeX 2.9\tex\generic\p
gf\utilities\pgfkeysfiltered.code.tex"
\pgfkeys@tmptoks=\toks35
))
\pgf@x=\dimen143
\pgf@y=\dimen144
\pgf@xa=\dimen145
\pgf@ya=\dimen146
\pgf@xb=\dimen147
\pgf@yb=\dimen148
\pgf@xc=\dimen149
\pgf@yc=\dimen150
\w@pgf@writea=\write3
\r@pgf@reada=\read1
\c@pgf@counta=\count124
\c@pgf@countb=\count125
\c@pgf@countc=\count126
\c@pgf@countd=\count127
\t@pgf@toka=\toks36
\t@pgf@tokb=\toks37
\t@pgf@tokc=\toks38

("C:\Users\Communication Lab 05\AppData\Local\Programs\MiKTeX 2.9\tex\generic\p
gf\systemlayer\pgf.cfg"
File: pgf.cfg 2008/05/14  (rcs-revision 1.7)
)
Driver file for pgf: pgfsys-pdftex.def

("C:\Users\Communication Lab 05\AppData\Local\Programs\MiKTeX 2.9\tex\generic\p
gf\systemlayer\pgfsys-pdftex.def"
File: pgfsys-pdftex.def 2014/10/11  (rcs-revision 1.35)

("C:\Users\Communication Lab 05\AppData\Local\Programs\MiKTeX 2.9\tex\generic\p
gf\systemlayer\pgfsys-common-pdf.def"
File: pgfsys-common-pdf.def 2013/10/10  (rcs-revision 1.13)
)))
("C:\Users\Communication Lab 05\AppData\Local\Programs\MiKTeX 2.9\tex\generic\p
gf\systemlayer\pgfsyssoftpath.code.tex"
File: pgfsyssoftpath.code.tex 2013/09/09  (rcs-revision 1.9)
\pgfsyssoftpath@smallbuffer@items=\count128
\pgfsyssoftpath@bigbuffer@items=\count129
)
("C:\Users\Communication Lab 05\AppData\Local\Programs\MiKTeX 2.9\tex\generic\p
gf\systemlayer\pgfsysprotocol.code.tex"
File: pgfsysprotocol.code.tex 2006/10/16  (rcs-revision 1.4)
))
("C:\Users\Communication Lab 05\AppData\Local\Programs\MiKTeX 2.9\tex\generic\p
gf\basiclayer\pgfcore.code.tex"
Package: pgfcore 2010/04/11 v3.0.1a (rcs-revision 1.7)

("C:\Users\Communication Lab 05\AppData\Local\Programs\MiKTeX 2.9\tex\generic\p
gf\math\pgfmath.code.tex"
("C:\Users\Communication Lab 05\AppData\Local\Programs\MiKTeX 2.9\tex\generic\p
gf\math\pgfmathcalc.code.tex"
("C:\Users\Communication Lab 05\AppData\Local\Programs\MiKTeX 2.9\tex\generic\p
gf\math\pgfmathutil.code.tex")
("C:\Users\Communication Lab 05\AppData\Local\Programs\MiKTeX 2.9\tex\generic\p
gf\math\pgfmathparser.code.tex"
\pgfmath@dimen=\dimen151
\pgfmath@count=\count130
\pgfmath@box=\box36
\pgfmath@toks=\toks39
\pgfmath@stack@operand=\toks40
\pgfmath@stack@operation=\toks41
)
("C:\Users\Communication Lab 05\AppData\Local\Programs\MiKTeX 2.9\tex\generic\p
gf\math\pgfmathfunctions.code.tex"
("C:\Users\Communication Lab 05\AppData\Local\Programs\MiKTeX 2.9\tex\generic\p
gf\math\pgfmathfunctions.basic.code.tex")
("C:\Users\Communication Lab 05\AppData\Local\Programs\MiKTeX 2.9\tex\generic\p
gf\math\pgfmathfunctions.trigonometric.code.tex")
("C:\Users\Communication Lab 05\AppData\Local\Programs\MiKTeX 2.9\tex\generic\p
gf\math\pgfmathfunctions.random.code.tex")
("C:\Users\Communication Lab 05\AppData\Local\Programs\MiKTeX 2.9\tex\generic\p
gf\math\pgfmathfunctions.comparison.code.tex")
("C:\Users\Communication Lab 05\AppData\Local\Programs\MiKTeX 2.9\tex\generic\p
gf\math\pgfmathfunctions.base.code.tex")
("C:\Users\Communication Lab 05\AppData\Local\Programs\MiKTeX 2.9\tex\generic\p
gf\math\pgfmathfunctions.round.code.tex")
("C:\Users\Communication Lab 05\AppData\Local\Programs\MiKTeX 2.9\tex\generic\p
gf\math\pgfmathfunctions.misc.code.tex")
("C:\Users\Communication Lab 05\AppData\Local\Programs\MiKTeX 2.9\tex\generic\p
gf\math\pgfmathfunctions.integerarithmetics.code.tex")))
("C:\Users\Communication Lab 05\AppData\Local\Programs\MiKTeX 2.9\tex\generic\p
gf\math\pgfmathfloat.code.tex"
\c@pgfmathroundto@lastzeros=\count131
))
("C:\Users\Communication Lab 05\AppData\Local\Programs\MiKTeX 2.9\tex\generic\p
gf\basiclayer\pgfcorepoints.code.tex"
File: pgfcorepoints.code.tex 2013/10/07  (rcs-revision 1.27)
\pgf@picminx=\dimen152
\pgf@picmaxx=\dimen153
\pgf@picminy=\dimen154
\pgf@picmaxy=\dimen155
\pgf@pathminx=\dimen156
\pgf@pathmaxx=\dimen157
\pgf@pathminy=\dimen158
\pgf@pathmaxy=\dimen159
\pgf@xx=\dimen160
\pgf@xy=\dimen161
\pgf@yx=\dimen162
\pgf@yy=\dimen163
\pgf@zx=\dimen164
\pgf@zy=\dimen165
)
("C:\Users\Communication Lab 05\AppData\Local\Programs\MiKTeX 2.9\tex\generic\p
gf\basiclayer\pgfcorepathconstruct.code.tex"
File: pgfcorepathconstruct.code.tex 2013/10/07  (rcs-revision 1.29)
\pgf@path@lastx=\dimen166
\pgf@path@lasty=\dimen167
)
("C:\Users\Communication Lab 05\AppData\Local\Programs\MiKTeX 2.9\tex\generic\p
gf\basiclayer\pgfcorepathusage.code.tex"
File: pgfcorepathusage.code.tex 2014/11/02  (rcs-revision 1.24)
\pgf@shorten@end@additional=\dimen168
\pgf@shorten@start@additional=\dimen169
)
("C:\Users\Communication Lab 05\AppData\Local\Programs\MiKTeX 2.9\tex\generic\p
gf\basiclayer\pgfcorescopes.code.tex"
File: pgfcorescopes.code.tex 2015/05/08  (rcs-revision 1.46)
\pgfpic=\box37
\pgf@hbox=\box38
\pgf@layerbox@main=\box39
\pgf@picture@serial@count=\count132
)
("C:\Users\Communication Lab 05\AppData\Local\Programs\MiKTeX 2.9\tex\generic\p
gf\basiclayer\pgfcoregraphicstate.code.tex"
File: pgfcoregraphicstate.code.tex 2014/11/02  (rcs-revision 1.12)
\pgflinewidth=\dimen170
)
("C:\Users\Communication Lab 05\AppData\Local\Programs\MiKTeX 2.9\tex\generic\p
gf\basiclayer\pgfcoretransformations.code.tex"
File: pgfcoretransformations.code.tex 2015/08/07  (rcs-revision 1.20)
\pgf@pt@x=\dimen171
\pgf@pt@y=\dimen172
\pgf@pt@temp=\dimen173
)
("C:\Users\Communication Lab 05\AppData\Local\Programs\MiKTeX 2.9\tex\generic\p
gf\basiclayer\pgfcorequick.code.tex"
File: pgfcorequick.code.tex 2008/10/09  (rcs-revision 1.3)
)
("C:\Users\Communication Lab 05\AppData\Local\Programs\MiKTeX 2.9\tex\generic\p
gf\basiclayer\pgfcoreobjects.code.tex"
File: pgfcoreobjects.code.tex 2006/10/11  (rcs-revision 1.2)
)
("C:\Users\Communication Lab 05\AppData\Local\Programs\MiKTeX 2.9\tex\generic\p
gf\basiclayer\pgfcorepathprocessing.code.tex"
File: pgfcorepathprocessing.code.tex 2013/09/09  (rcs-revision 1.9)
)
("C:\Users\Communication Lab 05\AppData\Local\Programs\MiKTeX 2.9\tex\generic\p
gf\basiclayer\pgfcorearrows.code.tex"
File: pgfcorearrows.code.tex 2015/05/14  (rcs-revision 1.43)
\pgfarrowsep=\dimen174
)
("C:\Users\Communication Lab 05\AppData\Local\Programs\MiKTeX 2.9\tex\generic\p
gf\basiclayer\pgfcoreshade.code.tex"
File: pgfcoreshade.code.tex 2013/07/15  (rcs-revision 1.15)
\pgf@max=\dimen175
\pgf@sys@shading@range@num=\count133
)
("C:\Users\Communication Lab 05\AppData\Local\Programs\MiKTeX 2.9\tex\generic\p
gf\basiclayer\pgfcoreimage.code.tex"
File: pgfcoreimage.code.tex 2013/07/15  (rcs-revision 1.18)

("C:\Users\Communication Lab 05\AppData\Local\Programs\MiKTeX 2.9\tex\generic\p
gf\basiclayer\pgfcoreexternal.code.tex"
File: pgfcoreexternal.code.tex 2014/07/09  (rcs-revision 1.21)
\pgfexternal@startupbox=\box40
))
("C:\Users\Communication Lab 05\AppData\Local\Programs\MiKTeX 2.9\tex\generic\p
gf\basiclayer\pgfcorelayers.code.tex"
File: pgfcorelayers.code.tex 2013/07/18  (rcs-revision 1.7)
)
("C:\Users\Communication Lab 05\AppData\Local\Programs\MiKTeX 2.9\tex\generic\p
gf\basiclayer\pgfcoretransparency.code.tex"
File: pgfcoretransparency.code.tex 2013/09/30  (rcs-revision 1.5)
)
("C:\Users\Communication Lab 05\AppData\Local\Programs\MiKTeX 2.9\tex\generic\p
gf\basiclayer\pgfcorepatterns.code.tex"
File: pgfcorepatterns.code.tex 2013/11/07  (rcs-revision 1.5)
)))
("C:\Users\Communication Lab 05\AppData\Local\Programs\MiKTeX 2.9\tex\generic\p
gf\modules\pgfmoduleshapes.code.tex"
File: pgfmoduleshapes.code.tex 2014/03/21  (rcs-revision 1.35)
\pgfnodeparttextbox=\box41
)
("C:\Users\Communication Lab 05\AppData\Local\Programs\MiKTeX 2.9\tex\generic\p
gf\modules\pgfmoduleplot.code.tex"
File: pgfmoduleplot.code.tex 2015/08/03  (rcs-revision 1.13)
)
("C:\Users\Communication Lab 05\AppData\Local\Programs\MiKTeX 2.9\tex\latex\pgf
\compatibility\pgfcomp-version-0-65.sty"
Package: pgfcomp-version-0-65 2007/07/03 v3.0.1a (rcs-revision 1.7)
\pgf@nodesepstart=\dimen176
\pgf@nodesepend=\dimen177
)
("C:\Users\Communication Lab 05\AppData\Local\Programs\MiKTeX 2.9\tex\latex\pgf
\compatibility\pgfcomp-version-1-18.sty"
Package: pgfcomp-version-1-18 2007/07/23 v3.0.1a (rcs-revision 1.1)
))
("C:\Users\Communication Lab 05\AppData\Local\Programs\MiKTeX 2.9\tex\latex\pgf
\utilities\pgffor.sty"
("C:\Users\Communication Lab 05\AppData\Local\Programs\MiKTeX 2.9\tex\latex\pgf
\utilities\pgfkeys.sty"
("C:\Users\Communication Lab 05\AppData\Local\Programs\MiKTeX 2.9\tex\generic\p
gf\utilities\pgfkeys.code.tex"))
("C:\Users\Communication Lab 05\AppData\Local\Programs\MiKTeX 2.9\tex\latex\pgf
\math\pgfmath.sty"
("C:\Users\Communication Lab 05\AppData\Local\Programs\MiKTeX 2.9\tex\generic\p
gf\math\pgfmath.code.tex"))
("C:\Users\Communication Lab 05\AppData\Local\Programs\MiKTeX 2.9\tex\generic\p
gf\utilities\pgffor.code.tex"
Package: pgffor 2013/12/13 v3.0.1a (rcs-revision 1.25)

("C:\Users\Communication Lab 05\AppData\Local\Programs\MiKTeX 2.9\tex\generic\p
gf\math\pgfmath.code.tex")
\pgffor@iter=\dimen178
\pgffor@skip=\dimen179
\pgffor@stack=\toks42
\pgffor@toks=\toks43
))
("C:\Users\Communication Lab 05\AppData\Local\Programs\MiKTeX 2.9\tex\generic\p
gf\frontendlayer\tikz\tikz.code.tex"
Package: tikz 2015/08/07 v3.0.1a (rcs-revision 1.151)

("C:\Users\Communication Lab 05\AppData\Local\Programs\MiKTeX 2.9\tex\generic\p
gf\libraries\pgflibraryplothandlers.code.tex"
File: pgflibraryplothandlers.code.tex 2013/08/31 v3.0.1a (rcs-revision 1.20)
\pgf@plot@mark@count=\count134
\pgfplotmarksize=\dimen180
)
\tikz@lastx=\dimen181
\tikz@lasty=\dimen182
\tikz@lastxsaved=\dimen183
\tikz@lastysaved=\dimen184
\tikzleveldistance=\dimen185
\tikzsiblingdistance=\dimen186
\tikz@figbox=\box42
\tikz@figbox@bg=\box43
\tikz@tempbox=\box44
\tikz@tempbox@bg=\box45
\tikztreelevel=\count135
\tikznumberofchildren=\count136
\tikznumberofcurrentchild=\count137
\tikz@fig@count=\count138

("C:\Users\Communication Lab 05\AppData\Local\Programs\MiKTeX 2.9\tex\generic\p
gf\modules\pgfmodulematrix.code.tex"
File: pgfmodulematrix.code.tex 2013/09/17  (rcs-revision 1.8)
\pgfmatrixcurrentrow=\count139
\pgfmatrixcurrentcolumn=\count140
\pgf@matrix@numberofcolumns=\count141
)
\tikz@expandcount=\count142

("C:\Users\Communication Lab 05\AppData\Local\Programs\MiKTeX 2.9\tex\generic\p
gf\frontendlayer\tikz\libraries\tikzlibrarytopaths.code.tex"
File: tikzlibrarytopaths.code.tex 2008/06/17 v3.0.1a (rcs-revision 1.2)
)))
("C:\Users\Communication Lab 05\AppData\Local\Programs\MiKTeX 2.9\tex\latex\rel
size\relsize.sty"
Package: relsize 2013/03/29 ver 4.1
)
("C:\Users\Communication Lab 05\AppData\Local\Programs\MiKTeX 2.9\tex\latex\big
ints\bigints.sty"
Package: bigints 2010/02/15 Writing big integrals
Package bigints Info: This is Bigints by Merciadri Luca. on input line 5.
)
("C:\Users\Communication Lab 05\AppData\Local\Programs\MiKTeX 2.9\tex\generic\p
gf\frontendlayer\tikz\libraries\tikzlibraryshapes.code.tex"
File: tikzlibraryshapes.code.tex 2008/01/09 v3.0.1a (rcs-revision 1.1)

("C:\Users\Communication Lab 05\AppData\Local\Programs\MiKTeX 2.9\tex\generic\p
gf\frontendlayer\tikz\libraries\tikzlibraryshapes.geometric.code.tex"
File: tikzlibraryshapes.geometric.code.tex 2008/01/09 v3.0.1a (rcs-revision 1.1
)

("C:\Users\Communication Lab 05\AppData\Local\Programs\MiKTeX 2.9\tex\generic\p
gf\libraries\shapes\pgflibraryshapes.geometric.code.tex"
File: pgflibraryshapes.geometric.code.tex 2008/06/26 v3.0.1a (rcs-revision 1.1)

))
("C:\Users\Communication Lab 05\AppData\Local\Programs\MiKTeX 2.9\tex\generic\p
gf\frontendlayer\tikz\libraries\tikzlibraryshapes.misc.code.tex"
File: tikzlibraryshapes.misc.code.tex 2008/01/09 v3.0.1a (rcs-revision 1.1)

("C:\Users\Communication Lab 05\AppData\Local\Programs\MiKTeX 2.9\tex\generic\p
gf\libraries\shapes\pgflibraryshapes.misc.code.tex"
File: pgflibraryshapes.misc.code.tex 2013/07/18 v3.0.1a (rcs-revision 1.5)
))
("C:\Users\Communication Lab 05\AppData\Local\Programs\MiKTeX 2.9\tex\generic\p
gf\frontendlayer\tikz\libraries\tikzlibraryshapes.symbols.code.tex"
File: tikzlibraryshapes.symbols.code.tex 2008/01/09 v3.0.1a (rcs-revision 1.1)

("C:\Users\Communication Lab 05\AppData\Local\Programs\MiKTeX 2.9\tex\generic\p
gf\libraries\shapes\pgflibraryshapes.symbols.code.tex"
File: pgflibraryshapes.symbols.code.tex 2013/09/11 v3.0.1a (rcs-revision 1.6)
))
("C:\Users\Communication Lab 05\AppData\Local\Programs\MiKTeX 2.9\tex\generic\p
gf\frontendlayer\tikz\libraries\tikzlibraryshapes.arrows.code.tex"
File: tikzlibraryshapes.arrows.code.tex 2008/01/09 v3.0.1a (rcs-revision 1.1)

("C:\Users\Communication Lab 05\AppData\Local\Programs\MiKTeX 2.9\tex\generic\p
gf\libraries\shapes\pgflibraryshapes.arrows.code.tex"
File: pgflibraryshapes.arrows.code.tex 2008/06/26 v3.0.1a (rcs-revision 1.1)
))
("C:\Users\Communication Lab 05\AppData\Local\Programs\MiKTeX 2.9\tex\generic\p
gf\frontendlayer\tikz\libraries\tikzlibraryshapes.callouts.code.tex"
("C:\Users\Communication Lab 05\AppData\Local\Programs\MiKTeX 2.9\tex\generic\p
gf\libraries\shapes\pgflibraryshapes.callouts.code.tex"))
("C:\Users\Communication Lab 05\AppData\Local\Programs\MiKTeX 2.9\tex\generic\p
gf\frontendlayer\tikz\libraries\tikzlibraryshapes.multipart.code.tex"
File: tikzlibraryshapes.multipart.code.tex 2008/01/09 v3.0.1a (rcs-revision 1.1
)

("C:\Users\Communication Lab 05\AppData\Local\Programs\MiKTeX 2.9\tex\generic\p
gf\libraries\shapes\pgflibraryshapes.multipart.code.tex"
File: pgflibraryshapes.multipart.code.tex 2010/01/07 v3.0.1a (rcs-revision 1.2)

\pgfnodepartlowerbox=\box46
\pgfnodeparttwobox=\box47
\pgfnodepartthreebox=\box48
\pgfnodepartfourbox=\box49
\pgfnodeparttwentybox=\box50
\pgfnodepartnineteenbox=\box51
\pgfnodeparteighteenbox=\box52
\pgfnodepartseventeenbox=\box53
\pgfnodepartsixteenbox=\box54
\pgfnodepartfifteenbox=\box55
\pgfnodepartfourteenbox=\box56
\pgfnodepartthirteenbox=\box57
\pgfnodeparttwelvebox=\box58
\pgfnodepartelevenbox=\box59
\pgfnodeparttenbox=\box60
\pgfnodepartninebox=\box61
\pgfnodeparteightbox=\box62
\pgfnodepartsevenbox=\box63
\pgfnodepartsixbox=\box64
\pgfnodepartfivebox=\box65
)))
("C:\Users\Communication Lab 05\AppData\Local\Programs\MiKTeX 2.9\tex\generic\p
gf\frontendlayer\tikz\libraries\tikzlibraryarrows.code.tex"
File: tikzlibraryarrows.code.tex 2008/01/09 v3.0.1a (rcs-revision 1.1)

("C:\Users\Communication Lab 05\AppData\Local\Programs\MiKTeX 2.9\tex\generic\p
gf\libraries\pgflibraryarrows.code.tex"
File: pgflibraryarrows.code.tex 2013/09/23 v3.0.1a (rcs-revision 1.16)
\arrowsize=\dimen187
))
("C:\Users\Communication Lab 05\AppData\Local\Programs\MiKTeX 2.9\tex\generic\p
gf\frontendlayer\tikz\libraries\tikzlibraryfit.code.tex"
File: tikzlibraryfit.code.tex 2013/07/12 v3.0.1a (rcs-revision 1.5)
)
("C:\Users\Communication Lab 05\AppData\Local\Programs\MiKTeX 2.9\tex\generic\p
gf\frontendlayer\tikz\libraries\tikzlibrarycalc.code.tex"
File: tikzlibrarycalc.code.tex 2013/07/15 v3.0.1a (rcs-revision 1.9)
)
("C:\Users\Communication Lab 05\AppData\Local\Programs\MiKTeX 2.9\tex\generic\p
gf\frontendlayer\tikz\libraries\tikzlibrarypositioning.code.tex"
File: tikzlibrarypositioning.code.tex 2008/10/06 v3.0.1a (rcs-revision 1.7)
)
("C:\Users\Communication Lab 05\AppData\Local\Programs\MiKTeX 2.9\tex\generic\p
gf\frontendlayer\tikz\libraries\tikzlibrarydecorations.shapes.code.tex"
("C:\Users\Communication Lab 05\AppData\Local\Programs\MiKTeX 2.9\tex\generic\p
gf\frontendlayer\tikz\libraries\tikzlibrarydecorations.code.tex"
("C:\Users\Communication Lab 05\AppData\Local\Programs\MiKTeX 2.9\tex\generic\p
gf\modules\pgfmoduledecorations.code.tex"
\pgfdecoratedcompleteddistance=\dimen188
\pgfdecoratedremainingdistance=\dimen189
\pgfdecoratedinputsegmentcompleteddistance=\dimen190
\pgfdecoratedinputsegmentremainingdistance=\dimen191
\pgf@decorate@distancetomove=\dimen192
\pgf@decorate@repeatstate=\count143
\pgfdecorationsegmentamplitude=\dimen193
\pgfdecorationsegmentlength=\dimen194
)
\tikz@lib@dec@box=\box66
)
("C:\Users\Communication Lab 05\AppData\Local\Programs\MiKTeX 2.9\tex\generic\p
gf\libraries\decorations\pgflibrarydecorations.shapes.code.tex"))
("C:\Users\Communication Lab 05\AppData\Local\Programs\MiKTeX 2.9\tex\generic\p
gf\frontendlayer\tikz\libraries\tikzlibrarydecorations.pathmorphing.code.tex"
("C:\Users\Communication Lab 05\AppData\Local\Programs\MiKTeX 2.9\tex\generic\p
gf\libraries\decorations\pgflibrarydecorations.pathmorphing.code.tex"))
("C:\Users\Communication Lab 05\AppData\Local\Programs\MiKTeX 2.9\tex\latex\sub
figure\subfigure.sty"
Package: subfigure 2002/07/30 v2.1.4 subfigure package
\subfigtopskip=\skip57
\subfigcapskip=\skip58
\subfigcaptopadj=\dimen195
\subfigbottomskip=\skip59
\subfigcapmargin=\dimen196
\subfiglabelskip=\skip60
\c@subfigure=\count144
\c@lofdepth=\count145
\c@subtable=\count146
\c@lotdepth=\count147

****************************************
* Local config file subfigure.cfg used *
****************************************

("C:\Users\Communication Lab 05\AppData\Local\Programs\MiKTeX 2.9\tex\latex\sub
figure\subfigure.cfg")
\subfig@top=\skip61
\subfig@bottom=\skip62
)
("C:\Users\Communication Lab 05\AppData\Local\Programs\MiKTeX 2.9\tex\latex\ell
ipsis\ellipsis.sty"
Package: ellipsis 2004/9/28 v1.6 ellipsis: fixes spacing around \protect \globa
l \let \OT1\textellipsis .\kern \fontdimen 3\font .\kern \fontdimen 3\font .\ke
rn \fontdimen 3\font \OT1\textellipsis 

("C:\Users\Communication Lab 05\AppData\Local\Programs\MiKTeX 2.9\tex\latex\too
ls\xspace.sty"
Package: xspace 2014/10/28 v1.13 Space after command names (DPC,MH)
))
("C:\Users\Communication Lab 05\AppData\Local\Programs\MiKTeX 2.9\tex\generic\p
gf\frontendlayer\tikz\libraries\tikzlibrarydecorations.pathreplacing.code.tex"
("C:\Users\Communication Lab 05\AppData\Local\Programs\MiKTeX 2.9\tex\generic\p
gf\libraries\decorations\pgflibrarydecorations.pathreplacing.code.tex"))
("C:\Users\Communication Lab 05\AppData\Local\Programs\MiKTeX 2.9\tex\generic\p
gf\frontendlayer\tikz\libraries\tikzlibrarydecorations.markings.code.tex"
("C:\Users\Communication Lab 05\AppData\Local\Programs\MiKTeX 2.9\tex\generic\p
gf\libraries\decorations\pgflibrarydecorations.markings.code.tex"))
("C:\Users\Communication Lab 05\AppData\Local\Programs\MiKTeX 2.9\tex\latex\glo
ssaries\base\glossaries.sty"
Package: glossaries 2018/07/23 v4.41 (NLCT)

("C:\Users\Communication Lab 05\AppData\Local\Programs\MiKTeX 2.9\tex\latex\bas
e\ifthen.sty"
Package: ifthen 2014/09/29 v1.1c Standard LaTeX ifthen package (DPC)
)
("C:\Users\Communication Lab 05\AppData\Local\Programs\MiKTeX 2.9\tex\latex\xke
yval\xkeyval.sty"
Package: xkeyval 2014/12/03 v2.7a package option processing (HA)

("C:\Users\Communication Lab 05\AppData\Local\Programs\MiKTeX 2.9\tex\generic\x
keyval\xkeyval.tex"
("C:\Users\Communication Lab 05\AppData\Local\Programs\MiKTeX 2.9\tex\generic\x
keyval\xkvutils.tex"
\XKV@toks=\toks44
\XKV@tempa@toks=\toks45
)
\XKV@depth=\count148
File: xkeyval.tex 2014/12/03 v2.7a key=value parser (HA)
))
("C:\Users\Communication Lab 05\AppData\Local\Programs\MiKTeX 2.9\tex\latex\mfi
rstuc\mfirstuc.sty"
Package: mfirstuc 2017/11/14 v2.06 (NLCT)

("C:\Users\Communication Lab 05\AppData\Local\Programs\MiKTeX 2.9\tex\latex\eto
olbox\etoolbox.sty"
Package: etoolbox 2018/08/19 v2.5f e-TeX tools for LaTeX (JAW)
\etb@tempcnta=\count149
)
\@glsmfirst=\toks46
\@glsmrest=\toks47
)
("C:\Users\Communication Lab 05\AppData\Local\Programs\MiKTeX 2.9\tex\latex\tex
tcase\textcase.sty"
Package: textcase 2004/10/07 v0.07 Text only upper/lower case changing (DPC)
)
("C:\Users\Communication Lab 05\AppData\Local\Programs\MiKTeX 2.9\tex\latex\xfo
r\xfor.sty"
Package: xfor 2009/02/05 v1.05 (NLCT)
)
("C:\Users\Communication Lab 05\AppData\Local\Programs\MiKTeX 2.9\tex\latex\dat
atool\datatool-base.sty"
Package: datatool-base 2018/04/16 v2.30 (NLCT)

("C:\Users\Communication Lab 05\AppData\Local\Programs\MiKTeX 2.9\tex\latex\sub
str\substr.sty"
Package: substr 2009/10/20 v1.2 Handle substrings
\c@su@anzahl=\count150
)
("C:\Users\Communication Lab 05\AppData\Local\Programs\MiKTeX 2.9\tex\latex\dat
atool\datatool-fp.sty"
Package: datatool-fp 2018/04/16 v2.30 (NLCT)

("C:\Users\Communication Lab 05\AppData\Local\Programs\MiKTeX 2.9\tex\latex\fp\
fp.sty"
Package: fp 1995/04/02
 `Fixed Point Package', Version 0.8, April 2, 1995 (C) Michael Mehlich
("C:\Users\Communication Lab 05\AppData\Local\Programs\MiKTeX 2.9\tex\latex\fp\
defpattern.sty"
Package: defpattern 1994/10/12
\actioncount=\count151
)
("C:\Users\Communication Lab 05\AppData\Local\Programs\MiKTeX 2.9\tex\latex\fp\
fp-basic.sty"
Package: fp-basic 1996/05/13
\FP@xs=\count152
\FP@xia=\count153
\FP@xib=\count154
\FP@xfa=\count155
\FP@xfb=\count156
\FP@rega=\count157
\FP@regb=\count158
\FP@regs=\count159
\FP@times=\count160
)
("C:\Users\Communication Lab 05\AppData\Local\Programs\MiKTeX 2.9\tex\latex\fp\
fp-addons.sty"
Package: fp-addons 1995/03/15
)
("C:\Users\Communication Lab 05\AppData\Local\Programs\MiKTeX 2.9\tex\latex\fp\
fp-snap.sty"
Package: fp-snap 1995/04/05
)
("C:\Users\Communication Lab 05\AppData\Local\Programs\MiKTeX 2.9\tex\latex\fp\
fp-exp.sty"
Package: fp-exp 1995/04/03
)
("C:\Users\Communication Lab 05\AppData\Local\Programs\MiKTeX 2.9\tex\latex\fp\
fp-trigo.sty"
Package: fp-trigo 1995/04/14
)
("C:\Users\Communication Lab 05\AppData\Local\Programs\MiKTeX 2.9\tex\latex\fp\
fp-pas.sty"
Package: fp-pas 1994/08/29
)
("C:\Users\Communication Lab 05\AppData\Local\Programs\MiKTeX 2.9\tex\latex\fp\
fp-random.sty"
Package: fp-random 1995/02/23
\FPseed=\count161
)
("C:\Users\Communication Lab 05\AppData\Local\Programs\MiKTeX 2.9\tex\latex\fp\
fp-eqn.sty"
Package: fp-eqn 1995/04/03
)
("C:\Users\Communication Lab 05\AppData\Local\Programs\MiKTeX 2.9\tex\latex\fp\
fp-upn.sty"
Package: fp-upn 1996/10/21
)
("C:\Users\Communication Lab 05\AppData\Local\Programs\MiKTeX 2.9\tex\latex\fp\
fp-eval.sty"
Package: fp-eval 1995/04/03
)))
\@dtl@toks=\toks48
\@dtl@tmpcount=\count162
\dtl@tmplength=\skip63
\dtl@sortresult=\count163
\@dtl@numgrpsepcount=\count164
\@dtl@datatype=\count165
\dtl@codeA=\count166
\dtl@codeB=\count167
\@dtl@foreach@level=\count168
)
("C:\Users\Communication Lab 05\AppData\Local\Programs\MiKTeX 2.9\tex\latex\glo
ssaries\base\glossaries-compatible-307.sty"
Package: glossaries-compatible-307 2018/07/23 v4.41 (NLCT)
)
\gls@level=\count169
\@gls@tmpb=\toks49
\gls@tmplen=\skip64
\glskeylisttok=\toks50
\glslabeltok=\toks51
\glsshorttok=\toks52
\glslongtok=\toks53

("C:\Users\Communication Lab 05\AppData\Local\Programs\MiKTeX 2.9\tex\latex\glo
ssaries\styles\glossary-hypernav.sty"
Package: glossary-hypernav 2018/07/23 v4.41 (NLCT)
)
("C:\Users\Communication Lab 05\AppData\Local\Programs\MiKTeX 2.9\tex\latex\glo
ssaries\styles\glossary-list.sty"
Package: glossary-list 2018/07/23 v4.41 (NLCT)
\glslistdottedwidth=\skip65
)
("C:\Users\Communication Lab 05\AppData\Local\Programs\MiKTeX 2.9\tex\latex\glo
ssaries\styles\glossary-long.sty"
Package: glossary-long 2018/07/23 v4.41 (NLCT)
\glsdescwidth=\skip66
\glspagelistwidth=\skip67
)
("C:\Users\Communication Lab 05\AppData\Local\Programs\MiKTeX 2.9\tex\latex\glo
ssaries\styles\glossary-super.sty"
Package: glossary-super 2018/07/23 v4.41 (NLCT)

("C:\Users\Communication Lab 05\AppData\Local\Programs\MiKTeX 2.9\tex\latex\sup
ertabular\supertabular.sty"
Package: supertabular 2004/02/20 v4.1e the supertabular environment
\c@tracingst=\count170
\ST@wd=\dimen197
\ST@rightskip=\skip68
\ST@leftskip=\skip69
\ST@parfillskip=\skip70
\ST@pageleft=\dimen198
\ST@headht=\dimen199
\ST@tailht=\dimen256
\ST@pagesofar=\dimen257
\ST@pboxht=\dimen258
\ST@lineht=\dimen259
\ST@stretchht=\dimen260
\ST@prevht=\dimen261
\ST@toadd=\dimen262
\ST@dimen=\dimen263
\ST@pbox=\box67
))
("C:\Users\Communication Lab 05\AppData\Local\Programs\MiKTeX 2.9\tex\latex\glo
ssaries\styles\glossary-tree.sty"
Package: glossary-tree 2018/07/23 v4.41 (NLCT)
\glstreeindent=\skip71
))
("C:\Users\Communication Lab 05\AppData\Local\Programs\MiKTeX 2.9\tex\latex\alg
orithmicx\algpseudocode.sty"
Package: algpseudocode 

("C:\Users\Communication Lab 05\AppData\Local\Programs\MiKTeX 2.9\tex\latex\alg
orithmicx\algorithmicx.sty"
Package: algorithmicx 2005/04/27 v1.2 Algorithmicx

Document Style algorithmicx 1.2 - a greatly improved `algorithmic' style
\c@ALG@line=\count171
\c@ALG@rem=\count172
\c@ALG@nested=\count173
\ALG@tlm=\skip72
\ALG@thistlm=\skip73
\c@ALG@Lnr=\count174
\c@ALG@blocknr=\count175
\c@ALG@storecount=\count176
\c@ALG@tmpcounter=\count177
\ALG@tmplength=\skip74
)
Document Style - pseudocode environments for use with the `algorithmicx' style
)
("C:\Users\Communication Lab 05\AppData\Local\Programs\MiKTeX 2.9\tex\latex\too
ls\dcolumn.sty"
Package: dcolumn 2014/10/28 v1.06 decimal alignment package (DPC)
) (psfig.sty) (notoccite.sty
Package: notoccite 2000/07/20
)
("C:\Users\Communication Lab 05\AppData\Local\Programs\MiKTeX 2.9\tex\latex\flo
at\float.sty"
Package: float 2001/11/08 v1.3d Float enhancements (AL)
\c@float@type=\count178
\float@exts=\toks54
\float@box=\box68
\@float@everytoks=\toks55
\@floatcapt=\box69
)
("C:\Users\Communication Lab 05\AppData\Local\Programs\MiKTeX 2.9\tex\latex\cap
tion\caption.sty"
Package: caption 2018/05/01 v3.3-147 Customizing captions (AR)

("C:\Users\Communication Lab 05\AppData\Local\Programs\MiKTeX 2.9\tex\latex\cap
tion\caption3.sty"
Package: caption3 2018/05/27 v1.8a caption3 kernel (AR)
Package caption3 Info: TeX engine: e-TeX on input line 64.
\captionmargin=\dimen264
\captionmargin@=\dimen265
\captionwidth=\dimen266
\caption@tempdima=\dimen267
\caption@indent=\dimen268
\caption@parindent=\dimen269
\caption@hangindent=\dimen270
)
\c@ContinuedFloat=\count179
Package caption Info: float package is loaded.
Package caption Info: longtable package is loaded.

("C:\Users\Communication Lab 05\AppData\Local\Programs\MiKTeX 2.9\tex\latex\cap
tion\ltcaption.sty"
Package: ltcaption 2013/06/09 v1.4-94 longtable captions (AR)
)
Package caption Info: subfigure package is loaded.
Package caption Info: supertabular package is loaded.
)
("C:\Users\Communication Lab 05\AppData\Local\Programs\MiKTeX 2.9\tex\latex\hyp
erref\hyperref.sty"
Package: hyperref 2018/02/06 v6.86b Hypertext links for LaTeX

("C:\Users\Communication Lab 05\AppData\Local\Programs\MiKTeX 2.9\tex\generic\o
berdiek\hobsub-hyperref.sty"
Package: hobsub-hyperref 2016/05/16 v1.14 Bundle oberdiek, subset hyperref (HO)


("C:\Users\Communication Lab 05\AppData\Local\Programs\MiKTeX 2.9\tex\generic\o
berdiek\hobsub-generic.sty"
Package: hobsub-generic 2016/05/16 v1.14 Bundle oberdiek, subset generic (HO)
Package: hobsub 2016/05/16 v1.14 Construct package bundles (HO)
Package hobsub Info: Skipping package `infwarerr' (already loaded).
Package hobsub Info: Skipping package `ltxcmds' (already loaded).
Package hobsub Info: Skipping package `ifluatex' (already loaded).
Package hobsub Info: Skipping package `ifvtex' (already loaded).
Package: intcalc 2016/05/16 v1.2 Expandable calculations with integers (HO)
Package hobsub Info: Skipping package `ifpdf' (already loaded).
Package hobsub Info: Skipping package `etexcmds' (already loaded).
Package hobsub Info: Skipping package `kvsetkeys' (already loaded).
Package hobsub Info: Skipping package `kvdefinekeys' (already loaded).
Package hobsub Info: Skipping package `pdftexcmds' (already loaded).
Package: pdfescape 2016/05/16 v1.14 Implements pdfTeX's escape features (HO)
Package: bigintcalc 2016/05/16 v1.4 Expandable calculations on big integers (HO
)
Package: bitset 2016/05/16 v1.2 Handle bit-vector datatype (HO)
Package: uniquecounter 2016/05/16 v1.3 Provide unlimited unique counter (HO)
)
Package hobsub Info: Skipping package `hobsub' (already loaded).
Package: letltxmacro 2016/05/16 v1.5 Let assignment for LaTeX macros (HO)
Package: hopatch 2016/05/16 v1.3 Wrapper for package hooks (HO)
Package: xcolor-patch 2016/05/16 xcolor patch
Package: atveryend 2016/05/16 v1.9 Hooks at the very end of document (HO)
Package: atbegshi 2016/06/09 v1.18 At begin shipout hook (HO)
Package: refcount 2016/05/16 v3.5 Data extraction from label references (HO)
Package: hycolor 2016/05/16 v1.8 Color options for hyperref/bookmark (HO)
)
("C:\Users\Communication Lab 05\AppData\Local\Programs\MiKTeX 2.9\tex\latex\obe
rdiek\auxhook.sty"
Package: auxhook 2016/05/16 v1.4 Hooks for auxiliary files (HO)
)
\@linkdim=\dimen271
\Hy@linkcounter=\count180
\Hy@pagecounter=\count181

("C:\Users\Communication Lab 05\AppData\Local\Programs\MiKTeX 2.9\tex\latex\hyp
erref\pd1enc.def"
File: pd1enc.def 2018/02/06 v6.86b Hyperref: PDFDocEncoding definition (HO)
Now handling font encoding PD1 ...
... no UTF-8 mapping file for font encoding PD1
)
\Hy@SavedSpaceFactor=\count182

("C:\Users\Communication Lab 05\AppData\Local\Programs\MiKTeX 2.9\tex\latex\00m
iktex\hyperref.cfg"
File: hyperref.cfg 2002/06/06 v1.2 hyperref configuration of TeXLive
)
Package hyperref Info: Hyper figures OFF on input line 4509.
Package hyperref Info: Link nesting OFF on input line 4514.
Package hyperref Info: Hyper index ON on input line 4517.
Package hyperref Info: Plain pages OFF on input line 4524.
Package hyperref Info: Backreferencing OFF on input line 4529.
Package hyperref Info: Implicit mode ON; LaTeX internals redefined.
Package hyperref Info: Bookmarks ON on input line 4762.
\c@Hy@tempcnt=\count183

("C:\Users\Communication Lab 05\AppData\Local\Programs\MiKTeX 2.9\tex\latex\url
\url.sty"
\Urlmuskip=\muskip11
Package: url 2013/09/16  ver 3.4  Verb mode for urls, etc.
)
LaTeX Info: Redefining \url on input line 5115.
\XeTeXLinkMargin=\dimen272
\Fld@menulength=\count184
\Field@Width=\dimen273
\Fld@charsize=\dimen274
Package hyperref Info: Hyper figures OFF on input line 6369.
Package hyperref Info: Link nesting OFF on input line 6374.
Package hyperref Info: Hyper index ON on input line 6377.
Package hyperref Info: backreferencing OFF on input line 6384.
Package hyperref Info: Link coloring OFF on input line 6389.
Package hyperref Info: Link coloring with OCG OFF on input line 6394.
Package hyperref Info: PDF/A mode OFF on input line 6399.
LaTeX Info: Redefining \ref on input line 6439.
LaTeX Info: Redefining \pageref on input line 6443.
\Hy@abspage=\count185
\c@Item=\count186
\c@Hfootnote=\count187
)
Package hyperref Info: Driver (autodetected): hpdftex.

("C:\Users\Communication Lab 05\AppData\Local\Programs\MiKTeX 2.9\tex\latex\hyp
erref\hpdftex.def"
File: hpdftex.def 2018/02/06 v6.86b Hyperref driver for pdfTeX
\Fld@listcount=\count188
\c@bookmark@seq@number=\count189

("C:\Users\Communication Lab 05\AppData\Local\Programs\MiKTeX 2.9\tex\latex\obe
rdiek\rerunfilecheck.sty"
Package: rerunfilecheck 2016/05/16 v1.8 Rerun checks for auxiliary files (HO)
Package uniquecounter Info: New unique counter `rerunfilecheck' on input line 2
82.
)
\Hy@SectionHShift=\skip75
)
Package hyperref Info: Option `breaklinks' set `true' on input line 274.
Package hyperref Info: Option `colorlinks' set `true' on input line 274.
\c@MYtempeqncnt=\count190
\c@theorem=\count191
\c@proposition=\count192
\c@lemma=\count193
\c@definition=\count194
\c@prop=\count195

("C:\Users\Communication Lab 05\AppData\Local\Programs\MiKTeX 2.9\tex\latex\fan
cyhdr\fancyhdr.sty"
Package: fancyhdr 2017/06/30 v3.9a Extensive control of page headers and footer
s
\f@nch@headwidth=\skip76
\f@nch@O@elh=\skip77
\f@nch@O@erh=\skip78
\f@nch@O@olh=\skip79
\f@nch@O@orh=\skip80
\f@nch@O@elf=\skip81
\f@nch@O@erf=\skip82
\f@nch@O@olf=\skip83
\f@nch@O@orf=\skip84
)
("C:\Users\Communication Lab 05\AppData\Local\Programs\MiKTeX 2.9\tex\latex\lip
sum\lipsum.sty"
Package: lipsum 2014/07/27 v1.3 150 paragraphs of Lorem Ipsum dummy text
\c@lips@count=\count196
) (IITBBS_PhD_Thesis_Main_File.aux (frontmatter.aux))
\openout1 = `IITBBS_PhD_Thesis_Main_File.aux'.

LaTeX Font Info:    Checking defaults for OML/cmm/m/it on input line 332.
LaTeX Font Info:    ... okay on input line 332.
LaTeX Font Info:    Checking defaults for T1/cmr/m/n on input line 332.
LaTeX Font Info:    ... okay on input line 332.
LaTeX Font Info:    Checking defaults for OT1/cmr/m/n on input line 332.
LaTeX Font Info:    ... okay on input line 332.
LaTeX Font Info:    Checking defaults for OMS/cmsy/m/n on input line 332.
LaTeX Font Info:    ... okay on input line 332.
LaTeX Font Info:    Checking defaults for OMX/cmex/m/n on input line 332.
LaTeX Font Info:    ... okay on input line 332.
LaTeX Font Info:    Checking defaults for U/cmr/m/n on input line 332.
LaTeX Font Info:    ... okay on input line 332.
LaTeX Font Info:    Checking defaults for PD1/pdf/m/n on input line 332.
LaTeX Font Info:    ... okay on input line 332.

("C:\Users\Communication Lab 05\AppData\Local\Programs\MiKTeX 2.9\tex\context\b
ase\supp-pdf.mkii"
[Loading MPS to PDF converter (version 2006.09.02).]
\scratchcounter=\count197
\scratchdimen=\dimen275
\scratchbox=\box70
\nofMPsegments=\count198
\nofMParguments=\count199
\everyMPshowfont=\toks56
\MPscratchCnt=\count266
\MPscratchDim=\dimen276
\MPnumerator=\count267
\makeMPintoPDFobject=\count268
\everyMPtoPDFconversion=\toks57
)
*geometry* driver: auto-detecting
*geometry* detected driver: pdftex
*geometry* verbose mode - [ preamble ] result:
* driver: pdftex
* paper: a4paper
* layout: <same size as paper>
* layoutoffset:(h,v)=(0.0pt,0.0pt)
* modes: 
* h-part:(L,W,R)=(85.35826pt, 441.01773pt, 71.13188pt)
* v-part:(T,H,B)=(56.9055pt, 731.23584pt, 56.9055pt)
* \paperwidth=597.50787pt
* \paperheight=845.04684pt
* \textwidth=441.01773pt
* \textheight=731.23584pt
* \oddsidemargin=13.08827pt
* \evensidemargin=13.08827pt
* \topmargin=-52.36449pt
* \headheight=12.0pt
* \headsep=25.0pt
* \topskip=12.0pt
* \footskip=30.0pt
* \marginparwidth=35.0pt
* \marginparsep=10.0pt
* \columnsep=10.0pt
* \skip\footins=10.8pt plus 4.0pt minus 2.0pt
* \hoffset=0.0pt
* \voffset=0.0pt
* \mag=1000
* \@twocolumnfalse
* \@twosidefalse
* \@mparswitchfalse
* \@reversemarginfalse
* (1in=72.27pt=25.4mm, 1cm=28.453pt)

ABD: EveryShipout initializing macros
LaTeX Info: Redefining \dots on input line 332.
Package caption Info: Begin \AtBeginDocument code.
Package caption Info: hyperref package is loaded.
Package caption Info: End \AtBeginDocument code.
\AtBeginShipoutBox=\box71
Package hyperref Info: Link coloring ON on input line 332.

("C:\Users\Communication Lab 05\AppData\Local\Programs\MiKTeX 2.9\tex\latex\hyp
erref\nameref.sty"
Package: nameref 2016/05/21 v2.44 Cross-referencing by name of section

("C:\Users\Communication Lab 05\AppData\Local\Programs\MiKTeX 2.9\tex\generic\o
berdiek\gettitlestring.sty"
Package: gettitlestring 2016/05/16 v1.5 Cleanup title references (HO)
)
\c@section@level=\count269
)
LaTeX Info: Redefining \ref on input line 332.
LaTeX Info: Redefining \pageref on input line 332.
LaTeX Info: Redefining \nameref on input line 332.
 (IITBBS_PhD_Thesis_Main_File.out)
(IITBBS_PhD_Thesis_Main_File.out)
\@outlinefile=\write4
\openout4 = `IITBBS_PhD_Thesis_Main_File.out'.

 (cover_page.tex
<iitbbs.png, id=99, 385.44pt x 361.35pt>
File: iitbbs.png Graphic file (type png)
<use iitbbs.png>
Package pdftex.def Info: iitbbs.png  used on input line 49.
(pdftex.def)             Requested size: 115.63289pt x 108.40584pt.
LaTeX Font Info:    Try loading font information for OMS+cmr on input line 65.

("C:\Users\Communication Lab 05\AppData\Local\Programs\MiKTeX 2.9\tex\latex\bas
e\omscmr.fd"
File: omscmr.fd 2014/09/29 v2.5h Standard LaTeX font definitions
)
LaTeX Font Info:    Font shape `OMS/cmr/m/n' in size <12> not available
(Font)              Font shape `OMS/cmsy/m/n' tried instead on input line 65.
 [1

{C:/Users/Communication Lab 05/AppData/Local/MiKTeX/2.9/pdftex/config/pdftex.ma
p} <./iitbbs.png>])
\openout2 = `frontmatter.aux'.

 (frontmatter.tex
LaTeX Font Info:    Try loading font information for U+msa on input line 12.

("C:\Users\Communication Lab 05\AppData\Local\Programs\MiKTeX 2.9\tex\latex\ams
fonts\umsa.fd"
File: umsa.fd 2013/01/14 v3.01 AMS symbols A
)
LaTeX Font Info:    Try loading font information for U+msb on input line 12.

("C:\Users\Communication Lab 05\AppData\Local\Programs\MiKTeX 2.9\tex\latex\ams
fonts\umsb.fd"
File: umsb.fd 2013/01/14 v3.01 AMS symbols B
)pdfTeX warning (ext4): destination with the same identifier (name{page.i}) has
 been already used, duplicate ignored
<to be read again> 
                   \relax 
l.28 \newpage
              [1


]
Overfull \hbox (11.74988pt too wide) in paragraph at lines 42--54
[][] 
 []

[2] [3]) [4] (Abstract/abstract.tex [5


]) (IITBBS_PhD_Thesis_Main_File.toc
[6

])
\tf@toc=\write5
\openout5 = `IITBBS_PhD_Thesis_Main_File.toc'.



Package Fancyhdr Warning: \headheight is too small (12.0pt): 
 Make it at least 14.49998pt.
 We now make it that large for the rest of the document.
 This may cause the page layout to be inconsistent, however.

[7] (IITBBS_PhD_Thesis_Main_File.lof)
\tf@lof=\write6
\openout6 = `IITBBS_PhD_Thesis_Main_File.lof'.

 [8

] (IITBBS_PhD_Thesis_Main_File.lot)
\tf@lot=\write7
\openout7 = `IITBBS_PhD_Thesis_Main_File.lot'.


[9

] (glossary_2.tex) [10

] (symbols.tex) [11

] (Chapter_1/chapter_1.tex
Chapter 1.
[1

]
Package epstopdf Info: Source file: <Figure.eps>
(epstopdf)                    date: 2019-02-08 14:16:33
(epstopdf)                    size: 594270 bytes
(epstopdf)             Output file: <Figure-eps-converted-to.pdf>
(epstopdf)             Command: <epstopdf --outfile=Figure-eps-converted-to.pdf
 Figure.eps>
(epstopdf)             \includegraphics on input line 25.
runsystem(epstopdf --outfile=Figure-eps-converted-to.pdf Figure.eps)...executed
 (allowed).

Package epstopdf Info: Result file: <Figure-eps-converted-to.pdf>
(epstopdf)                    date: 2019-02-08 15:15:26
(epstopdf)                    size: 26805 bytes.
<Figure-eps-converted-to.pdf, id=213, 408.52625pt x 219.82124pt>
File: Figure-eps-converted-to.pdf Graphic file (type pdf)
<use Figure-eps-converted-to.pdf>
Package pdftex.def Info: Figure-eps-converted-to.pdf  used on input line 25.
(pdftex.def)             Requested size: 284.53893pt x 170.72194pt.
 [2 <./Figure-eps-converted-to.pdf>] [3] [4]) [5] (Chapter_2/chapter_2.tex
Chapter 2.
[6

]) [7] (Appendices/appendix0.tex
Appendix A.
) [8

] (Publications/PublDDixit.tex) [9

] (IITBBS_PhD_Thesis_Main_File.bbl)
[10

]
Package atveryend Info: Empty hook `BeforeClearDocument' on input line 453.
Package atveryend Info: Empty hook `AfterLastShipout' on input line 453.
 (IITBBS_PhD_Thesis_Main_File.aux (frontmatter.aux))
Package atveryend Info: Executing hook `AtVeryEndDocument' on input line 453.
Package atveryend Info: Executing hook `AtEndAfterFileList' on input line 453.
Package rerunfilecheck Info: File `IITBBS_PhD_Thesis_Main_File.out' has not cha
nged.
(rerunfilecheck)             Checksum: F7B5A6A0DE56456C4C6E5AA810B37BE3;1348.
 ) 
Here is how much of TeX's memory you used:
 26551 strings out of 492972
 527545 string characters out of 3119961
 760204 words of memory out of 3000000
 29716 multiletter control sequences out of 15000+200000
 11423 words of font info for 42 fonts, out of 3000000 for 9000
 1141 hyphenation exceptions out of 8191
 55i,13n,92p,2014b,364s stack positions out of 5000i,500n,10000p,200000b,50000s
<C:/Users/Communication Lab 05/AppData/Local/Programs/MiKTeX 2.9/fonts/type1/
public/amsfonts/cm/cmbx10.pfb><C:/Users/Communication Lab 05/AppData/Local/Prog
rams/MiKTeX 2.9/fonts/type1/public/amsfonts/cm/cmbx12.pfb><C:/Users/Communicati
on Lab 05/AppData/Local/Programs/MiKTeX 2.9/fonts/type1/public/amsfonts/cm/cmbx
ti10.pfb><C:/Users/Communication Lab 05/AppData/Local/Programs/MiKTeX 2.9/fonts
/type1/public/amsfonts/cm/cmex10.pfb><C:/Users/Communication Lab 05/AppData/Loc
al/Programs/MiKTeX 2.9/fonts/type1/public/amsfonts/cm/cmmi12.pfb><C:/Users/Comm
unication Lab 05/AppData/Local/Programs/MiKTeX 2.9/fonts/type1/public/amsfonts/
cm/cmmi8.pfb><C:/Users/Communication Lab 05/AppData/Local/Programs/MiKTeX 2.9/f
onts/type1/public/amsfonts/cm/cmr12.pfb><C:/Users/Communication Lab 05/AppData/
Local/Programs/MiKTeX 2.9/fonts/type1/public/amsfonts/cm/cmr8.pfb><C:/Users/Com
munication Lab 05/AppData/Local/Programs/MiKTeX 2.9/fonts/type1/public/amsfonts
/cm/cmsy10.pfb><C:/Users/Communication Lab 05/AppData/Local/Programs/MiKTeX 2.9
/fonts/type1/public/amsfonts/cm/cmti12.pfb><C:/Users/Communication Lab 05/AppDa
ta/Local/Programs/MiKTeX 2.9/fonts/type1/public/amsfonts/symbols/msbm10.pfb>
Output written on IITBBS_PhD_Thesis_Main_File.pdf (22 pages, 332695 bytes).
PDF statistics:
 341 PDF objects out of 1000 (max. 8388607)
 70 named destinations out of 1000 (max. 500000)
 215 words of extra memory for PDF output out of 10000 (max. 10000000)

